felony murder
dissolution
community service labor program
palimony
court services officer
non-financial bonds
neglected minor
lis pendens
adjudication
protective order
charge
cross- examination
drug court
parcel
appeal bond
liability
redact
special verdict
bond review
non-suit
verdict
eviction, warrant of
indemnity
chip smith charge
probate/probate court
senior judge
injunction
actual place of business
family relations counselor
enjoin
stpulation of settlement
pretrial hearing
short calendar
surety
interrogatories
bail commissioner
appeal
jury
bifurcated trial
jury instructions
consolidated action
deposition
minor
separation
common law
forum
petitioner
trial
aka
affidavit of service
plea
petit jury
certificate of readiness
day incarceration center
conviction
state referee
sanction
directed verdict
no contact order
investigatory grand jury
liber
pro se divorce
in re
certiorari
garnish
defendant
note of issue
trial de novo
capias mittimus
counterclaim
wage execution
purge
indorsed complaint
return date
claim
juvenile probation
regional family trial docket
prosecute
small claims
ga - geographical area
allege
probation absconder
restitution
pro se
office of adult probation
practice book
trial assignment part (tap)
subsequent proceedings
public defender
no contest
arrearages
perjury
alford doctrine
incompetency
sentencing
assignment list
docket number
crossclaim
memorandum opinion
attestation
writ
foreclosure
misdemeanor
alternative detention program
exemplification
interpreter
court trial
special sessions of the superior court
dispose
tort
juvenile detention center
mittimus judgment
petition
wage withholding
community services coordinator
assistant attorney general
bond forfeiture (calling the bond)
venire
juvenile court
alternative dispute resolution
regional child protection docket
declaratory judgment
paternity
ne exeat
undertaking
preclude
adjournment
attorney of record
affiant
lockout
bond
consolidate
rule to show cause
de novo
cross-examination
sentence review
joint trial
statute of limitations
case flow coordinator
witness
calendar call
decree
amicus curiae brief
acknowledgment
notarize
res
dismissal
adult probation
promise to appear
plea bargain
time served
alternative sanctions
laches
disposition
material witness
direct examination
replevin
motion
caption
hearsay
continuance date
hearing
sequester
probation
charge to jury
arbitration
parenting education program
subpoena duces tecum
alternative incarceration center
legal separation
long form order
case conference
nolle
easement
in camera
chattels
subpoena (judicial)
family support magistrate
oath
exhibit
continuance
recuse
youthful offender
argument
judgment roll
memorandum decision
judgment file
commissioner of jurors
electronic monitoring
voir dire
infant's compromise
dismissal with prejudice
small claims assessment review (scar)
impaneling
ex parte
subpoena
foreman
first paper
summons
affirmation
clerk's minutes
support enforcement officer
emancipation
transcript
special proceedings
statute
annul
family with service needs
mediation
consanguinity
filing
affirmed
bondsman
grievance
broken down irretrievably
jurisdiction
estop
bail
at issue
acquit
delinquent
central transportation unit
change of venue
transfer hearing
equitable action (equity matter)
juror
examination before trial (ebt)
mistrial
plaintiff
civil action
order to detain
detention hearing or detention release hearing
conservator
bar
legal aid or legal services
short form order
surety bond
equitable distribution
hung jury
allegation
juvenile transportation officer
juvenile delinquent
emancipated minor
date-stamp
opening statement
stipulation
oral proof
custody affidavit
seal
subpoena duces tecum (judicial)
with prejudice
revocation hearing
family violence education program
compensatory damages
military calendar
special master
amicus curiae
guardian
notice of petition
polling the jury
felony
substance abuse education
third-party action
mandamus
sum certain
without prejudice
eminent domain
execution suspended
contract
housing specialist
ejectment
legal age
satisfaction
in rem
litigant
remittitur
custody
movant
appellee
intestate
certify
crime victim compensation program
diversionary programs
maintenance
security for costs
court of limited jurisdiction
chattel
referee
jd - judicial district
serious juvenile offense
counter claim
impleader
declaration
legal aid
pre-sentence investigation
dismissal without prejudice
affirm
amend
adult court transfer
appearance
trial referee
et al
juris number
peremptory challenge
prosecutor
victim services advocate
notice of entry
sine die
serious juvenile offender
inquest
remand
pendente lite order
damages
modification
party
pleadings
clerk's extract
income withholding order
failure to appear
incarceration
capital felony
individual assignment system (ias)
judgment
legal custody
acknowledgement
costs
guardian ad litem
relief
no fault divorce
court reporter
docket
non seq. (non sequitur)
ad damnum
et ano
contested action
negligence
automatic orders
alimony
habeas corpus
summary process
domicile
appellant
arrest
discovery 
disclosure
warrant
alternate juror
complaint
nunc pro tunc
community service
condemnation
judge
execution
bill of costs
expunge
posting bond
eviction
special referee
referee
adjudicatory hearing
order of detention 
detention order
index number
honor court
minute book
sua sponte
court clerk
family violence victim advocate
restraining order
corroborate
vacate
fiduciary
indigent
res judicata
proceeding
summons (juvenile)
court-appointed attorney
violation of probation
classification and program officer
moot
jury charge
orders of temporary custody
certified copy
child support
mitigating circumstances
supplementary proceedings
judicial hearing officer 
jho
probable cause hearing
court monitor
garnishment
unconditional discharge
interrogatory
cgs
case file
adversary
garnishee
residential treatment programs
conditional discharge
full faith and credit
testimony
marshal
respondent
infraction
lien
commitment
arraignment
parties
sentence modification
deponent
transfer
fair preponderance
foreperson
annulment
alcohol education program
juvenile detention officer
cause of action
visitation
adversary system
power of attorney
bill of particulars
estoppel
bench warrant
contempt of court
juvenile matters
bail bondsperson
counsel
moving party
education program
default
record
court interpreter
cip
verification
interlocutory
minutes
jury 
advisory
deliberation
citation
evidence
complex litigation
pretrial
law librarian
adjudicate
dissolution of marriage
slip opinions
best interest of the child
nolo contendere
post judgment
interpleader
inter alia
accelerated rehabilitation
states attorney
juvenile detention
restore to calendar
reinstate to calendar
uncared for
natural person
substitute charge
financial affidavit
show cause
summary judgment
affidavit
special term
parole
precedent
waiver
iudex non calculat
fiat justitia et pereat mundus
non obstante verdicto
non constat
non compos mentis
lis pendens
quasi
ergo
sub modo
lex scripta
lex specialis derogat legi generali
intra legem
sub silentio
ex proprio motu
prout patet per recordum
persona non grata
per capita
audi alteram partem
de lege ferenda
jus commune
per se
scire facias
doli incapax
corpus juris
ex cathedra
ratio scripta
pro rata
non faciat malum, ut inde veniat bonum
nudum pactum
fructus industriales
in pari delicto
noscitur a sociis
restitutio in integrum
ex parte
cogitationis poenam nemo patitur
mutatis mutandis
exempli gratia
animus possidendi
deorum injuriae diis curae
jus primae noctis
statu quo
cui bono
ex concessis
defalcation
pro hac vice
fortis attachiamentum, validior praesumptionem
ex aequo et bono
de lege lata
terra nullius
sui generis
et uxor
lex communis
non est factum
in curia
jurat
in propria persona
jus naturale
nisi prius
jura novit curia
et seq.
volenti non fit injuria
ad infinitum
in re
locus in quo
cuius est solum eius est usque ad coelum et ad inferos
certiorari
animus nocendi
suo motu
rationae soli
jus sanguinis
quantum valebant
supersedeas
motion in limine
trial de novo
nemo judex in sua causa
sic utere tuo ut alienum non laedas
viz.
erratum
inter vivos
caveat
res publica
nemo debet esse iudex in propria
situs
indicia
hostis humani generis
de bonis asportatis
mare clausum
sine qua non
pro se
novus actus interveniens
in loco parentis
quod est necessarium est licitum
probatio vincit praesumptionem
lex lata
quaere
consuetudo pro lege servatur
fumus boni iuris
ab initio
ex gratia
scire feci
in articulo mortis
actus reus
ex post facto law
de bonis non administratis
prima facie
facio ut facias
pendente lite
nolle prosequi
corpus juris gentium
vice versa
nullum crimen, nulla poena sine praevia lege poenali
mora accipiendi
mortis causa
obiter dictum
rebus sic stantibus
de mortuis nil nisi bonum
quoad hoc
in pleno
se defendendo
ne exeat
in personam
in toto
a fortiori
idem
de novo
quantum
arguendo
lex loci
duces tecum
pro bono publico
res
posse comitatus
nulla bona
negotorium gestio
mora solvendi
ad litem
quid pro quo
nihil dicit
et al.
veto
qua
scienter
ultra vires
nemo dat quod non habet
fiat
corpus juris civilis
malum in se
consensus facit legem
et cetera
mos pro lege
nota bene
non liquet
videlicet
contra legem
forum non conveniens
subpoena duces tecum
jus soli
pro tanto
res communis
contra
uxor
lex posterior derogat priori
qui facit per alium facit per se
non adimpleti contractus
leges humanae nascuntur, vivunt, moriuntur
uberrima fides
ex facie
pater familias
absque hoc
jus tertii
ad colligenda bona
ex tunc
in haec verba
ipsissima verba
adjournment sine die
ferae naturae
locus delicti
de die in diem
vinculum juris
felo de se
ex post
sui juris
a mensa et thoro
pro bono
locus standi
corpus delicti
periculum in mora
ei incumbit probatio qui dicit
per curiam
dramatis personae
de integro
favor contractus
ad hominem
compos mentis
nemo plus iuris ad alium transferre potest quam ipse habet
ad quod damnum
ex delicto
pro forma
expressio unius est exclusio alterius
in mitius
ex ante
quareitur
compensatio morae
mala fide
per minas
subpoena ad testificandum
quo warranto
uno flatu
coram non judice
pacta sunt servanda
res publica christiana
per incuriam
quo ante
rex non potest peccare
nisi
nemo auditur propriam turpitudinem allegans
ultra posse nemo obligatur
in camera
seriatim
solutio indebiti
liberum veto
ex post facto
de minimis
ejusdem generis
et vir
ex fida bona
res nullius
contradictio in adjecto
in terrorem clause
amicus curiae
a posteriori
imprimatur
ad hoc
lingua franca
respondeat superior
mandamus
lex retro non agit
a quo
lacunae
ipse dixit
in limine
sub nomine
in rem
inter arma enim silent leges
ante
actori incumbit probatio
i.e.
par delictum
stare decisis
in extenso
pro per
locus poenitentiae
in solidum
salus populi suprema lex esto
corpus juris secundum
extant
propria persona
sub judice
per stirpes
cadit quaestio
ex rel
dictum
ne bis in idem
in forma pauperis
sine die
uti possidetis
per quod
status quo
bona fide
mens rea
supra
functus officio
status quo ante
suggestio falsi
ex injuria jus non oritur
praetor peregrinus
in pari materia
de minimis non curat lex
contra bonos mores
post mortem auctoris
jus inter gentes
ceteris paribus
guardian ad litem
subpoena
malum prohibitum
in prope persona
prius quam exaudias ne iudices
maleficia propositis distinguuntur
ad coelum
jus in bello
in omnibus
juris et de jure
ab extra
habeas corpus
vide
stratum
ratio decidendi
nunc pro tunc
parens patriae
crimen falsi
suppressio veri
in absentia
trinoda necessitas
animus revertendi
casus fortuitus
ignorantia juris non excusat
debellatio
in esse
sua sponte
in futuro
modus operandi
contra proferentem
fiat justitia ruat caelum
prior tempore potior iure
res judicata
non est inventus
de facto
jus civile
dolus specialis
consensus ad idem
inter rusticos
jus ad bellum
post mortem
infra
ex officio
vis major
vigilantibus non dormientibus aequitas subvenit
lis alibi pendens
intra fauces terra
pro tempore
innuendo
ad valorem
ibid.
locus
in extremis
nulla poena sine lege
a priori
res ipsa loquitur
delegatus non potest delegare
condicio sine qua non
per contra
in terrorem
intra vires
dubia in meliorem partem interpretari debent
jus gentium
de futuro
jus accrescendri
jus
ex turpi causa non oritur actio
bona vacantia
eo nomine
ipso facto
res gestae
mare liberum
in situ
gravamen
factum
fieri facias
jus cogens
caveat emptor
alter ego
generalia specialibus non derogant
intra
donatio mortis causa
qui tam
scandalum magnatum
vel non
nolo contendere
ex nunc
casus belli
ad idem
inter se
in flagrante delicto
reddendo singula singulis
affidavit
quantum meruit
inter alia
de jure
pro tem
erga omnes