Access Control List
access time
account
account name 
aggregate
aggregate data
algorithm
alias
analog
Application Layer
application program
application software
archive
argument
ASCII 
assembler
ATM
ATM Forum
audit
autonomous system
backbone
background processing
backspace
backup
bandwidth
baseband
BASIC
batch processing
batch query
binary 
binary number
bit
bitmapped terminal
BITNET
bits per second 
bps
block
bold
booting 
break
bridge
broadband
broadcast
browser
buffer
bug 
bulletin board 
BBS
BUS topology
byte
cable
carriage return 
CR
CD-ROM
cd-rom
cell relay
channel
character
character set
chip
client
client/server
Client-Server Interface
COBOL
code
collision
column
command
communications line
communications program
compiler
computer
concentrator
conference
configuration
connect time
control character
control key
CPU
crash
cursor
cursor control
Cyberspace
Data Link Layer
data object
data communications
data entry
data processing
Dataset
database
database management system
DBMS
debug
default
delete key 
DHCP
dial-up
dictionary file
direct access
directory
disk
diskette 
display
distributed application
distributed database
distributed file system
DOS
dot-matrix printer
down
downtime
drag and drop
drive
dump
e-mail address
e-mail server
e-mail service
encapsulation
enter key
erase
error message
error checking 
Ethernet
execute
fiber optics
file format
file server 
folder
font
foreground
form
form feed
format
FORTRAN
fragment
frame
freeware
frequency
FAQ
FTP
FUD
function key
gateway
GIF
gopher
graphic
Groupware
GUI
handshaking
hang
hard copy
hard disk
hardware
hardwired
header
hierarchical file
hierarchical file structure
host
host computer
HTML
HTTP
hub
hyperlink
hypermedia
hypertext
icons
I/O
IEEE
inbox
index
information hiding
information server
information superhighway
inheritance
input
instance
instantiation
instruction
interactive
INTERNET
IP 
IP Address
interrupt
IRC
ISDN
ISO
job
JPEG
justify
Kermit 
key
keyboard
kilobyte(K)
LAN
LAN e-mail system
laserdisc
laser printer
Layer
line editor
line printer
LISTSERV
logical record
logon
login ID
logoff
Longitudinal Study
LPR
lynx
machine language
macro
magnetic disk
magnetic tape
MAIL
mailbox
MAILER
main memory
mainframe
mainframe
minicomputer
micro-computer
MB
medium
memory
menu
message
method
methodology
microcomputer
microprocessor
Microwave
mission
modem
modem setup
module
monitor
Mosaic
multimedia
multimedia mail
multiplexer
multiuser
nesting
NetScape
Network Layer
network
nickname
noise
object
object-based
object code
object-oriented
object-oriented technology
OLE
off-line 
on-line 
Online Service
open platform
open system
OSI 
OpenWindows
operating system
output
packet
parameter
parity
peripheral 
Physical Layer
ping
pixel
platform
plotter
polymorphism
port
portable
post
PostScript
Power PC
Presentation layer
printer
printout
program
programmer
programming
prompt
protocol
public domain
query
queue
quit
RAID
RAM
random access
Re-engineering
read/write
realtime
record
record length
record type
recovery
rectangular file
reel tape
relational database
relational structure
remote
remote access
resource
response
retiming
return key
reuseability
reverse engineering
ROM
root directory
router
routine
routing
scanner
scheduling
screen editor
scroll
segment
sequential
server
service provider
session
Session Layer
shareware
shell
simulation
smiley
soft copy
software tool
sort
source code
SPARC
SPARCstation
sponge
spool
spreadsheet
SQL
storage
string
striping
Sun Microsystems
SunOS
surfing
tape density
task
TCP/IP
TEAM
telecommunication
telecomputing
TELNET
terminal
terminal emulation
terminal server
terabyte
time out
time series.
TN3270
toggle
token ring
transfer
Transport Layer
tree
UNIX
upload
URL
Usenet
user-friendly
userid 
utility
variable
vision
virtual
virtual terminal
VMS
virus
wavelength
whois
window
Windows
word processor 
wordwrap
work space
workstation
write
WWW
X window system
X-term