abundant
acceptable
accordant
accurate
accurately
actual
adaptable
adequate
adequately
adjacent
advantageous
affordable
agile
agreeable
ambitious
ambivalent
ample
and so on
annoying
apparent
apposite
appreciable
appropriate
appropriately
approximate
approximately
apropos
apt
arduous
abstruse
abstrusely
as required
bad
badly
baffled
beautiful
befitting
boring
bothersome
brief
briefly
broad
broadly
businesslike
capable
capacious
careful
catchy
certain
challenging
cheap
clean
clear
clearly
closely
coarse-grained
coarse grained
coherent
colossal
comfortable
comfy
competent
complex
complicated
concise
concisely
concordant
confident
conformable
confused
congenial
congruent
congruous
considerable
consonant
conspicuous
cost-effective
cost effective
cost-efficient
cost efficient
counterfeit
counterintuitive
crucial
cryptic
cushy
decent
deep
deeply
deficient
delicate
delicately
demanding
dependable
desirable
detailed
detective
difficult
dirty
disagreeable
discordant
disfigured
dishy
disordered
disorganised
disorganized
displeasing
distant
doubtful
easily
easy
easygoing
economic
effective
effectively
effectual
efficacious
efficient
efficiently
effortful
effortless
elaborated
elegant
elementary
eligible
enough
etc.
evident
expedient
expeditious
expensive
explicable
extended
extensive
extraordinary
fair
fair to middling
fancy
fashionable
fast
fine
fine-grained
fine grained
finely
fit
flexible
fluent
frail
fresh
fruitful
full-size
full size
fundamental
futile
fuzzy
galling
general
gentle
genuine
giant
good
goodish
gross
hands-down
hands down
hard
hard-fought
hard fought
hard-hitting
hard hitting
hardly
harmonious
harsh
heavy
helpful
hostile
illegible
immediate
imminent
impartial
imperfect
impertinent
impolite
important
impractical
impressive
improper
impure
inaccurate
inaccurately
inadequate
inadequately
inappropriate
inappropriately
incapable
incoherent
incompetent
incomprehensible
incongruous
inconsiderable
inconsiderably
inconsiderately
inconspicuous
indisputable
indisputably
ineffective
ineffectively
ineffectual
inefficacious
inefficient
ineligible
inexpedient
inexpensive
inexplicable
insecure
insecurely
insignificant
insufficient
intense
interesting
intimately
intuitive
irrational
irrelevant
irritating
just about
large
legible
light
limpid
logical
long
loud
major
malapropos
manifest
massive
meager
meaningful
meaningless
mediocre
middling
mild
minor
moderate
naive
narrow
nasty
near
nearly
neat
nerve-racking
nerve racking
nerve-wracking
nerve wracking
nettlesome
nice
nifty
nonspecific
noteworthy
obvious
of import
of value
ordinary
organized
obscure
outsize
outsized
overlarge
oversize
oversized
painless
passable
pat
perfect
pertinent
pesky
plaguy
plain
pleasant
pleasing
pleasureful
polite
poor
possible
practical
precarious
precise
pretty
problematic
prolix
prominent
promptly
proper
properly
pure
qualified
quick
rapid
rational
raw
reasonable
recent
recondite
relevant
reliable
remarkable
repulsive
respectable
rich
risky
robust
rough
rough-and-ready
rough and ready
roughly
sane
sapless
satisfactory
scanty
scarce
seamless
serious
seriously
several
sharp
short
short-handed
short handed
shortly
short-staffed
short staffed
sightly
significant
silly
simple
simplified
simplistic
simply
slim
slow
slowly
slow-moving
slow moving
small-scale
small scale
smart
smashing
smooth
smooth
smutty
solid
sophisticated
sound
spacious
sparse
specific
speculative
speedy
spontaneous
strange
stressful
strong
substantial
sufficient
suitable
suited
superb
superficial
swell
synthetic
teasing
tedious
thick
thin
tight
timesaving
tiny
to the point
today's
trenchant
trenchantly
tricky
trivial
troublesome
unadaptable
unbefitting
unclear
uncollectible
uncomfortable
uncomplicated
undemanding
undependable
undermanned
underspent
understaffed
uneasy
uneffective
uneffectively
unfair
unfit
unfruitful
unhelpful
unimportant
uninteresting
unmistakable
unnatural
unpleasant
unqualified
unreliable
unsatisfactory
unserviceable
unsound
unstable
unsubtle
unsuitable
unsure
unsweet
unusable
unuseable
usable
useable
useful
useless
user-friendly
user friendly
utile
utilizable
valuable
vast
versatile
vexatious
vexing
virtually
voluminous
wasteful
weakly
well behaved
well known
well-known
well-behaved
well behaved
well-founded
well founded
wide
widely
worthy
