represent
customary
in consequence
peruse
supplement
on the grounds that
hereto
adjustment
as of the date of
clarification
zone
eligible
occasioned by
hereof
whatsoever
breach
materialise
encounter
on behalf of
accompanying
prolonged
admissible
settle
comply with
imply
enclosed
with respect to
notwithstanding
further
at the moment
compile
advantageous
assistance
despite the fact that
uniform
henceforth
due to the fact of
as a consequence of
exempt from
empower
component
contemplate
to date
calculate
exceptionally
on request
permit
in the neighbourhood of
implement
whether or not
marginal
undersigned
utilisation
establish
select
proceed
consumption
generate
intend to
hereby
aligned
abundance
whensoever
remain
following
defer
it is known that
unilateral
expeditiously
that being the case
exclude
hereinafter
may in the future
requirements
provide
enquire
adjacent
finalise
construe
afford an opportunity
whereas
attend
failure to
such
compulsory
domiciled in
on receipt of
attempt
documentation
ordinarily
enquiry
negligible
subsequently
operate
furnish
restriction
authorise
envisage
disconnect
possessions
acknowledge
forthwith
heretofore
large number of
condition
thereby
material
permissible
inception
disburse
discuss
expedite
possess
along the lines of
promulgate
magnitude
prohibit
formulate
revised
reduce
with effect from
constitute
deficiency
undertake
substantially
ameliorate
ultimately
concur
utilise
discrete
furthermore
projected
issue
correct
we have pleasure in
disclose
promptly
aforesaid
bestow
in connection with
remainder
accommodation
tenant
additional
with a view to
entitlement
initiate
place
retain
facilitate
appreciable
dwelling
render
remuneration
thereafter
thereof
hitherto
instances
is in accordance with
notify
illustrate
similarly
approximately
obligatory
indicate
regulation
option
purchase
acquire
you are requested
consult
diminish
commence
require
as regards
ways and means
solely
jeopardise
counter
outstanding
locality place
correspond
thereto
substantial
manner
costs the sum of
attributable
inform
apprise
for the reason that
objective
unoccupied
axiomatic
give consideration to
procure
in lieu of
prior to
request
in conjunction with
until such time
contrary to
accomplish do
subject to
affix
terminate
participate
excessive
principal
completion
in the course of
proportion
in the event of
remittance
factor
with regard to
appropriate to
in order that
dominant
regard to
progress something
qualify for
at the present time
merchandise
in the near future
regarding
hope and trust
extremity
ascertain
courteous
anticipate
in receipt of
erroneous
mandatory
despatch
optimum
incorporating
said
inappropriate
at its discretion
review
currently
visualise
state
difficulties
pursuant to
numerous
preserve
reiterate
initially
prescribe
scrutinise
competent
residence
otherwise
reside
supply
dispatch
moreover
subsequent upon
particulars
reduction
accentuate
detrimental
combined
enable
reimburse
concerning
in accordance with
expenditure
extant
unavailability
profusion of
thus
herein
according to our records
in view of the fact that
absence of
hold in abeyance
grant
perform
cumulative
same
virtually
modification
advise
in advance
on the occasion that
emphasise
for the duration of
persons
statutory
depict
if and when
aggregate
frequently
your attention is drawn
applicant
in a number of cases
herewith
nevertheless
in the absence of
alleviate
in addition (to)
refer to
comprise
endeavour
in the event that
proximity
obtain
evince
cease
alternative
previous
disseminate
exclusively
combine
designate
provisions
evaluate
discontinue
transmit
percentage of
immediately
irrespective of
desire
insert
excluding
alternatively
accede to
amendment
in excess of
beneficial
deduct
authority
referred to as
accelerate
acquaint yourself with
duration
in the majority of instances
for the purpose of
circumvent
in relation to
subsequent to
allocate
economical
by means of
locate
intimate
elucidate
equivalent
communicate
in case of
ex officio
expire
assemble
conceal
deem to be
ensure
consequently
therein
afforded
appropriate
per annum
determine
to the extent that
relating to
acquiesce
transfer
submit
with reference to
the question as to whether
accordingly
forward
undernoted
manufacture
complete
considerable
belated
partially
on numerous occasions
supplementary
mislay
provided that
owing to
fabricate
in respect of
demonstrate
delete
specified
denote
liaise with
at an early date
personnel
during which time
application
predominant
sufficient
conclusion
with the minimum of delay
apparent
reconsider
variation
discharge
incurred
hereunder
practically
is of the opinion