after
afternoon
afterwards
alarm clock
analog clock
annual
ante meridian
anytime
bedtime
before
before hand
belated
bell
biennial
bicentennial
calendar
calendar year
century
chronological
chronology
chronometer
clock
clock face
Coordinated Universal Time
cuckoo clock
day
daylight
daylight savings time
daytime
days of the week
decade
decennium
delay
delayed
dial
digital clock
DST
early
eon
epoch
era
evening
everyday
fiscal year
fortnight
future
galactic year
geologic time
gnomon
grandfather clock
Greenwich Mean Time
half-life
hands
high noon
horology
hour
hourglass
hour hand
International Date Line
jiffy
jubilee
late
later
leap second
leap year
lunar month
meridian
microsecond
midafternoon
midnight
midmorning
millennium
millisecond
minute
minute hand
moment
momentarily
month
morning
nanosecond
night
nighttime
noon
now
o'clock
on time
overtime
past
pendulum clock
per annum
per diem
period
picosecond
pocket watch
post meridian
premature
present
prime meridian
punctual
quarter hour
quartz clock
quaver
schedule
season
second
second hand
semester
semiquaver
shift
sidereal time
someday
sometime
soon
stopwatch
sundial
sunrise
sunset
synchronized
tardy
tempo
then
time
timekeeper
timepiece
timer
timetable
time zone
tonight
today
tomorrow
triennium
trimester
twilight
UTC
watch
water clock
week
wristwatch
year
yesterday
yesteryear
zone
Zulu time
After
Afternoon
Afterwards
Alarm clock
Analog clock
Annual
Ante meridian
Anytime
Bedtime
Before
Before hand
Belated
Bell
Biennial
Bicentennial
Calendar
Calendar year
Century
Chronological
Chronology
Chronometer
Clock
Clock face
Coordinated Universal Time
Cuckoo clock
Day
Daylight
Daylight savings time
Daytime
Days of the week
Decade
Decennium
Delay
Delayed
Dial
Digital clock
DST
Early
Eon
Epoch
Era
Evening
Everyday
Fiscal year
Fortnight
Future
Galactic year
Geologic time
Gnomon
Grandfather clock
Greenwich Mean Time
Half-life
Hands
High noon
Horology
Hour
Hourglass
Hour hand
International Date Line
Jiffy
Jubilee
Late
Later
Leap second
Leap year
Lunar month
Meridian
Microsecond
Midafternoon
Midnight
Midmorning
Millennium
Millisecond
Minute
Minute hand
Moment
Momentarily
Month
Morning
Nanosecond
Night
Nighttime
Noon
Now
O'clock
On time
Overtime
Past
Pendulum clock
Per annum
Per Diem
Period
Picosecond
Pocket watch
Post meridian
Premature
Present
Prime meridian
Punctual
Quarter hour
Quartz clock
Quaver
Schedule
Season
Second
Second hand
Semester
Semiquaver
Shift
Sidereal time
Someday
Sometime
Soon
Stopwatch
Sundial
Sunrise
Sunset
Synchronized
Tardy
Tempo
Then
Time
Timekeeper
Timepiece
Timer
Timetable
Time zone
Tonight
Today
Tomorrow
Triennium
Trimester
Twilight
UTC
Watch
Water clock
Week
Wristwatch
Year
Yesterday
Yesteryear
Zone
